2026-08-24 18:05:30,831 [INFO] 🔔 ALERT SCRAPER STARTED
2026-08-24 18:05:30,832 [INFO] Pehle se 0 books seen
2026-08-24 18:05:32,521 [INFO] Abhi 20 books scrape hui
2026-08-24 18:05:32,521 [INFO] 🎉 20 NEW books mili!
2026-08-24 18:05:32,522 [INFO] 🔔 ALERT! Nayi books mili:
2026-08-24 18:05:32,523 [INFO]    📖 A Light in the Attic — £51.77
2026-08-24 18:05:32,524 [INFO]    📖 Tipping the Velvet — £53.74
2026-08-24 18:05:32,524 [INFO]    📖 Soumission — £50.1
2026-08-24 18:05:32,525 [INFO]    📖 Sharp Objects — £47.82
2026-08-24 18:05:32,526 [INFO]    📖 Sapiens: A Brief History of Humankind — £54.23
2026-08-24 18:05:32,526 [INFO]    📖 The Requiem Red — £22.65
2026-08-24 18:05:32,527 [INFO]    📖 The Dirty Little Secrets of Getting Your Dream Job — £33.34
2026-08-24 18:05:32,528 [INFO]    📖 The Coming Woman: A Novel Based on the Life of the Infamous Feminist, Victoria Woodhull — £17.93
2026-08-24 18:05:32,529 [INFO]    📖 The Boys in the Boat: Nine Americans and Their Epic Quest for Gold at the 1936 Berlin Olympics — £22.6
2026-08-24 18:05:32,531 [INFO]    📖 The Black Maria — £52.15
2026-08-24 18:05:32,532 [INFO]    📖 Starving Hearts (Triangular Trade Trilogy, #1) — £13.99
2026-08-24 18:05:32,533 [INFO]    📖 Shakespeare's Sonnets — £20.66
2026-08-24 18:05:32,534 [INFO]    📖 Set Me Free — £17.46
2026-08-24 18:05:32,534 [INFO]    📖 Scott Pilgrim's Precious Little Life (Scott Pilgrim #1) — £52.29
2026-08-24 18:05:32,535 [INFO]    📖 Rip it Up and Start Again — £35.02
2026-08-24 18:05:32,536 [INFO]    📖 Our Band Could Be Your Life: Scenes from the American Indie Underground, 1981-1991 — £57.25
2026-08-24 18:05:32,537 [INFO]    📖 Olio — £23.88
2026-08-24 18:05:32,537 [INFO]    📖 Mesaerion: The Best Science Fiction Stories 1800-1849 — £37.59
2026-08-24 18:05:32,538 [INFO]    📖 Libertarianism for Beginners — £51.33
2026-08-24 18:05:32,539 [INFO]    📖 It's Only the Himalayas — £45.17
2026-08-24 18:05:32,588 [INFO] State updated: 20 total seen
2026-08-24 18:06:02,327 [INFO] 🔔 ALERT SCRAPER STARTED
2026-08-24 18:06:02,347 [INFO] Pehle se 20 books seen
2026-08-24 18:06:04,128 [INFO] Abhi 20 books scrape hui
2026-08-24 18:06:04,262 [INFO] 😴 Koi nayi book nahi (sab pehle dekh chuke)
2026-08-24 18:06:04,436 [INFO] State updated: 20 total seen
2026-08-24 18:14:30,404 [INFO] 🔔 ALERT SCRAPER STARTED
2026-08-24 18:14:30,434 [INFO] Pehle se 20 books seen
2026-08-24 18:14:32,094 [INFO] Abhi 20 books scrape hui
2026-08-24 18:14:32,095 [INFO] 😴 Koi nayi book nahi (sab pehle dekh chuke)
2026-08-24 18:14:32,105 [INFO] State updated: 20 total seen
2026-08-24 18:17:55,493 [INFO] 🔔 ALERT SCRAPER STARTED
2026-08-24 18:17:55,527 [INFO] Pehle se 20 books seen
2026-08-24 18:17:57,055 [INFO] Abhi 20 books scrape hui
2026-08-24 18:17:57,056 [INFO] 😴 Koi nayi book nahi (sab pehle dekh chuke)
2026-08-24 18:17:57,064 [INFO] State updated: 20 total seen
2026-08-24 18:24:16,357 [INFO] 🔔 ALERT SCRAPER STARTED
2026-08-24 18:24:16,383 [INFO] Pehle se 14 books seen
2026-08-24 18:24:17,958 [INFO] Abhi 20 books scrape hui
2026-08-24 18:24:17,959 [INFO] 🎉 6 NEW books mili!
2026-08-24 18:24:17,959 [INFO] 🔔 ALERT! Nayi books mili:
2026-08-24 18:24:17,960 [INFO]    📖 Tipping the Velvet — £53.74
2026-08-24 18:24:17,961 [INFO]    📖 The Requiem Red — £22.65
2026-08-24 18:24:17,961 [INFO]    📖 The Black Maria — £52.15
2026-08-24 18:24:17,961 [INFO]    📖 Set Me Free — £17.46
2026-08-24 18:24:17,962 [INFO]    📖 Rip it Up and Start Again — £35.02
2026-08-24 18:24:17,963 [INFO]    📖 Mesaerion: The Best Science Fiction Stories 1800-1849 — £37.59
2026-08-24 18:24:42,786 [INFO] ✅ Email successfully bhej di gayi!
2026-08-24 18:24:42,805 [INFO] State updated: 20 total seen
